// Jest Snapshot v1, https://goo.gl/fbAQLP

exports[`<Form /> should equal snapshot 1`] = `
<div
  className="frm"
>
  <div>
    <div
      className="frm__title"
    >
      <h2>
        Test Title
      </h2>
    </div>
    Test Content
  </div>
</div>
`;
