// Jest Snapshot v1, https://goo.gl/fbAQLP

exports[`<Calendar/> should equal snapshot 1`] = `
<div
  class="ring ring--small"
>
  <span>
    content
  </span>
</div>
`;
