// Jest Snapshot v1, https://goo.gl/fbAQLP

exports[`<Error/> should match snapshot 1`] = `
<div
  class="er__cntr"
  style="height: 0px;"
>
  <div>
    Error Text
  </div>
</div>
`;
