// Jest Snapshot v1, https://goo.gl/fbAQLP

exports[`Loader should render properly 1`] = `
<div
  class="ldr"
>
  <span
    class="spnr"
  >
    <span>
      content
    </span>
  </span>
</div>
`;
