// Jest Snapshot v1, https://goo.gl/fbAQLP

exports[`<Calendar/> should equal snapshot 1`] = `
<div
  class="cldr__icon"
>
  <span>
    <span>
      <span>
        <span>
          content
        </span>
      </span>
    </span>
  </span>
</div>
`;
