// Jest Snapshot v1, https://goo.gl/fbAQLP

exports[`<Tab/> should match snapshot 1`] = `
<button
  class="tb__btn animate"
  style="cursor: unset;"
  type="button"
>
  <span
    class="tb__box"
    tabindex="-1"
  >
    <span
      class="tb__txt"
    />
  </span>
</button>
`;
