// Jest Snapshot v1, https://goo.gl/fbAQLP

exports[`<CardsContainer/> should match snapshot 1`] = `
<div
  class="cds__cnt"
>
  Test Render
</div>
`;
