// Jest Snapshot v1, https://goo.gl/fbAQLP

exports[`<Tick/> should match snapshot 1`] = `
<span
  class="tick"
>
  <span>
    content
  </span>
</span>
`;
