// Jest Snapshot v1, https://goo.gl/fbAQLP

exports[`<Option /> should equal snapshot 1`] = `
<button
  class="slt__opt"
  type="button"
>
  <div
    class="slt__opt__txt"
  >
    Test
  </div>
</button>
`;
